// Jest Snapshot v1, https://goo.gl/fbAQLP

exports[`matches snapshot when logged out 1`] = `
<DocumentFragment>
  <nav
    class="Navigation navbar navbar-expand-md"
  >
    <a
      class="navbar-brand"
      href="/"
    >
      Jobly
    </a>
    <ul
      class="navbar-nav ml-auto"
    >
      <li
        class="nav-item mr-4"
      >
        <a
          class="nav-link"
          href="/login"
        >
          Login
        </a>
      </li>
      <li
        class="nav-item mr-4"
      >
        <a
          class="nav-link"
          href="/signup"
        >
          Sign Up
        </a>
      </li>
    </ul>
  </nav>
</DocumentFragment>
`;
