// Jest Snapshot v1, https://goo.gl/fbAQLP

exports[`matches snapshot 1`] = `
<DocumentFragment>
  <div
    class="edit-page"
  >
    <h3>
      Profile
    </h3>
    <div
      class="card-body"
    >
      <form>
        <div
          class="form-group"
        >
          <label>
            Username
          </label>
          <p>
            testuser
          </p>
        </div>
        <div
          class="form-group"
        >
          <label>
            First Name
          </label>
          <input
            name="firstName"
            value=""
          />
        </div>
        <div
          class="form-group"
        >
          <label>
            Last Name
          </label>
          <input
            name="lastName"
            value=""
          />
        </div>
        <div
          class="form-group"
        >
          <label>
            Email
          </label>
          <input
            name="email"
            value="test@test.net"
          />
        </div>
        <div
          class="form-group"
        >
          <label>
            Confirm password to make changes:
          </label>
          <input
            name="password"
            type="password"
            value=""
          />
        </div>
        <button
          class="btn btn-primary btn-block mt-4"
        >
          Save Changes
        </button>
      </form>
    </div>
  </div>
</DocumentFragment>
`;
