// Jest Snapshot v1, https://goo.gl/fbAQLP

exports[`matches snapshot 1`] = `
<DocumentFragment>
  <div
    class="SignupForm"
  >
    <h2>
      Sign Up
    </h2>
    <div
      class="form-body"
    >
      <form>
        <div
          class="form-group"
        >
          <label>
            Username
          </label>
          <input
            name="username"
            value=""
          />
        </div>
        <div
          class="form-group"
        >
          <label>
            Password
          </label>
          <input
            name="password"
            value=""
          />
        </div>
        <div
          class="form-group"
        >
          <label>
            First Name
          </label>
          <input
            name="firstName"
            value=""
          />
        </div>
        <div
          class="form-group"
        >
          <label>
            Last Name
          </label>
          <input
            name="lastName"
            value=""
          />
        </div>
        <div
          class="form-group"
        >
          <label>
            Email
          </label>
          <input
            name="email"
            value=""
          />
        </div>
        <button
          type="submit"
        >
          Submit
        </button>
      </form>
    </div>
  </div>
</DocumentFragment>
`;
